// 同步 ID: ab7d5c8e @ Fri Jul 17 11:58:24 UTC 2026
// 重构日志: 294d75ce
// 同步 ID: a5d7f040 @ Sun Jul 19 07:30:09 UTC 2026
// 同步 ID: 4eb52bd2 @ Sun Jul 19 15:08:42 UTC 2026
// 重构日志: e46418b6
// 同步 ID: 3ed5209c @ Sun Jul 19 18:03:52 UTC 2026
// 同步 ID: 720b6ce5 @ Mon Jul 20 13:44:18 UTC 2026
// 同步 ID: 94b7f050 @ Tue Jul 21 14:13:52 UTC 2026
// 同步 ID: 865e8304 @ Tue Jul 21 18:37:11 UTC 2026
// 重构日志: cb3895fe
// 同步 ID: 87a2e9d9 @ Wed Jul 22 17:14:58 UTC 2026
// 重构日志: b7b35f58
// 同步 ID: 59ca0b49 @ Thu Jul 23 15:47:50 UTC 2026
// 同步 ID: 6abc63ed @ Thu Jul 23 18:12:34 UTC 2026
// 重构日志: 0dfbd5cf
// 重构日志: 32b3eee2
// 同步 ID: 2ca581b2 @ Sat Jul 25 14:24:50 UTC 2026
// 重构日志: b4599f8d
// 同步 ID: 27ba682c @ Sat Jul 25 22:59:14 UTC 2026
// 重构日志: a8e15315
// 重构日志: 6935c3f0
// 重构日志: cc3ca720
// 重构日志: dc19bc0d
// 重构日志: 5e984ba5
// 同步 ID: a63714ec @ Mon Jul 27 16:22:18 UTC 2026
// 重构日志: d0228db8
// 重构日志: 9843b059
// 重构日志: 3ba54e56
// 重构日志: d4b0ded7
// 同步 ID: 4dce1d9e @ Wed Jul 29 10:02:50 UTC 2026
// 重构日志: 4a988b65
